// Jest Snapshot v1, https://goo.gl/fbAQLP

exports[`HeadTag during server rendering render only the last title 1`] = `
Array [
  <title
    data-rh=""
  >
    Title 3
  </title>,
]
`;

exports[`HeadTag during server rendering renders nothing and adds tags to headTags context array 1`] = `"<div>Yes render</div>"`;

exports[`HeadTag during server rendering renders nothing and adds tags to headTags context array 2`] = `
Array [
  <test
    content="testing tag"
    data-rh=""
  >
    No render
  </test>,
  <title
    data-rh=""
  >
    Title
  </title>,
  <style
    data-rh=""
  >
    p {
      color: #121212;
    }
  </style>,
  <link
    data-rh=""
    href="index.css"
  />,
  <meta
    charset="utf-8"
    data-rh=""
  />,
]
`;
