// Jest Snapshot v1, https://goo.gl/fbAQLP

exports[`HeadTag during server rendering adds tags to headTags context array 1`] = `
Array [
  <test
    content="testing tag"
    data-rh=""
  >
    No render
  </test>,
  <title
    data-rh=""
  >
    Title
  </title>,
  <style
    data-rh=""
  >
    p {
    color: #121212;
  }
  </style>,
  <link
    data-rh=""
    href="index.css"
  />,
  <meta
    charset="utf-8"
    data-rh=""
  />,
]
`;

exports[`HeadTag during server rendering renders nothing 1`] = `"<div>Yes render</div>"`;
